**************************************Starting a new run***************************************

SQL*Plus: Release 11.2.0.2.0 Production on Mon May 9 15:25:01 2016

Copyright (c) 1982, 2011, Oracle.  All rights reserved.


Connected to:
Oracle Database 11g Express Edition Release 11.2.0.2.0 - 64bit Production

SQL> SQL> SQL>   2    3    4  Inserting staging tracking id for account export job with no bulk fetch. Time 05/09/2016 15:25:01
Starting account info stage job with no bulk fetch. Batch tracking id : 67 Time 05/09/2016 15:25:01
Retrieving export job tracking id. Time 05/09/2016 15:26:33
Starting account info export job with no bulk fetch. Batch tracking id : 69 Time 05/09/2016 15:26:33
Finished account info export using bulk inserts and writes. Time 05/09/2016 15:27:11

PL/SQL procedure successfully completed.

Elapsed: 00:02:10.20
SQL> Disconnected from Oracle Database 11g Express Edition Release 11.2.0.2.0 - 64bit Production
**************************************Starting a new run***************************************

SQL*Plus: Release 11.2.0.2.0 Production on Mon May 9 19:55:01 2016

Copyright (c) 1982, 2011, Oracle.  All rights reserved.


Connected to:
Oracle Database 11g Express Edition Release 11.2.0.2.0 - 64bit Production

SQL> SQL> SQL>   2    3    4  Inserting staging tracking id for account export job with no bulk fetch. Time 05/09/2016 19:55:01
Starting account info stage job with no bulk fetch. Batch tracking id : 70 Time 05/09/2016 19:55:01
begin
*
ERROR at line 1:
ORA-01653: unable to extend table JOB_FRMWRK.T_CUST_ACCT_INFO_XPORT by 8192 in tablespace SYSTEM
ORA-06512: at "JOB_FRMWRK.PKG_ACCT_INFO_EXPORT_NO_BULK", line 201
ORA-06512: at "JOB_FRMWRK.G_SP_EXECUTE_CUST_XPORT_NOBULK", line 14
ORA-06512: at line 2


Elapsed: 00:00:44.97
SQL> Disconnected from Oracle Database 11g Express Edition Release 11.2.0.2.0 - 64bit Production
**************************************Starting a new run***************************************

SQL*Plus: Release 11.2.0.2.0 Production on Mon May 9 20:00:01 2016

Copyright (c) 1982, 2011, Oracle.  All rights reserved.


Connected to:
Oracle Database 11g Express Edition Release 11.2.0.2.0 - 64bit Production

SQL> SQL> SQL>   2    3    4  Inserting staging tracking id for account export job with no bulk fetch. Time 05/09/2016 20:00:01
Starting account info stage job with no bulk fetch. Batch tracking id : 72 Time 05/09/2016 20:00:01
begin
*
ERROR at line 1:
ORA-01653: unable to extend table JOB_FRMWRK.T_CUST_ACCT_INFO_XPORT by 8192 in tablespace SYSTEM
ORA-06512: at "JOB_FRMWRK.PKG_ACCT_INFO_EXPORT_NO_BULK", line 201
ORA-06512: at "JOB_FRMWRK.G_SP_EXECUTE_CUST_XPORT_NOBULK", line 14
ORA-06512: at line 2


Elapsed: 00:00:39.20
SQL> Disconnected from Oracle Database 11g Express Edition Release 11.2.0.2.0 - 64bit Production
**************************************Starting a new run***************************************

SQL*Plus: Release 11.2.0.2.0 Production on Mon May 9 20:05:01 2016

Copyright (c) 1982, 2011, Oracle.  All rights reserved.


Connected to:
Oracle Database 11g Express Edition Release 11.2.0.2.0 - 64bit Production

SQL> SQL> SQL>   2    3    4  Inserting staging tracking id for account export job with no bulk fetch. Time 05/09/2016 20:05:01
Starting account info stage job with no bulk fetch. Batch tracking id : 74 Time 05/09/2016 20:05:01
begin
*
ERROR at line 1:
ORA-01653: unable to extend table JOB_FRMWRK.T_CUST_ACCT_INFO_XPORT by 8192 in tablespace SYSTEM
ORA-06512: at "JOB_FRMWRK.PKG_ACCT_INFO_EXPORT_NO_BULK", line 201
ORA-06512: at "JOB_FRMWRK.G_SP_EXECUTE_CUST_XPORT_NOBULK", line 14
ORA-06512: at line 2


Elapsed: 00:00:40.23
SQL> Disconnected from Oracle Database 11g Express Edition Release 11.2.0.2.0 - 64bit Production
**************************************Starting a new run***************************************

SQL*Plus: Release 11.2.0.2.0 Production on Mon May 9 20:10:02 2016

Copyright (c) 1982, 2011, Oracle.  All rights reserved.


Connected to:
Oracle Database 11g Express Edition Release 11.2.0.2.0 - 64bit Production

SQL> SQL> SQL>   2    3    4  Inserting staging tracking id for account export job with no bulk fetch. Time 05/09/2016 20:10:02
Starting account info stage job with no bulk fetch. Batch tracking id : 76 Time 05/09/2016 20:10:02
begin
*
ERROR at line 1:
ORA-01653: unable to extend table JOB_FRMWRK.T_CUST_ACCT_INFO_XPORT by 8192 in tablespace SYSTEM
ORA-06512: at "JOB_FRMWRK.PKG_ACCT_INFO_EXPORT_NO_BULK", line 201
ORA-06512: at "JOB_FRMWRK.G_SP_EXECUTE_CUST_XPORT_NOBULK", line 14
ORA-06512: at line 2


Elapsed: 00:00:40.21
SQL> Disconnected from Oracle Database 11g Express Edition Release 11.2.0.2.0 - 64bit Production
**************************************Starting a new run***************************************

SQL*Plus: Release 11.2.0.2.0 Production on Mon May 9 20:15:01 2016

Copyright (c) 1982, 2011, Oracle.  All rights reserved.


Connected to:
Oracle Database 11g Express Edition Release 11.2.0.2.0 - 64bit Production

SQL> SQL> SQL>   2    3    4  Inserting staging tracking id for account export job with no bulk fetch. Time 05/09/2016 20:15:01
Starting account info stage job with no bulk fetch. Batch tracking id : 78 Time 05/09/2016 20:15:01
begin
*
ERROR at line 1:
ORA-01653: unable to extend table JOB_FRMWRK.T_CUST_ACCT_INFO_XPORT by 8192 in tablespace SYSTEM
ORA-06512: at "JOB_FRMWRK.PKG_ACCT_INFO_EXPORT_NO_BULK", line 201
ORA-06512: at "JOB_FRMWRK.G_SP_EXECUTE_CUST_XPORT_NOBULK", line 14
ORA-06512: at line 2


Elapsed: 00:00:39.67
SQL> Disconnected from Oracle Database 11g Express Edition Release 11.2.0.2.0 - 64bit Production
**************************************Starting a new run***************************************

SQL*Plus: Release 11.2.0.2.0 Production on Mon May 9 20:20:01 2016

Copyright (c) 1982, 2011, Oracle.  All rights reserved.


Connected to:
Oracle Database 11g Express Edition Release 11.2.0.2.0 - 64bit Production

SQL> SQL> SQL>   2    3    4  Inserting staging tracking id for account export job with no bulk fetch. Time 05/09/2016 20:20:01
Starting account info stage job with no bulk fetch. Batch tracking id : 80 Time 05/09/2016 20:20:01
begin
*
ERROR at line 1:
ORA-01653: unable to extend table JOB_FRMWRK.T_CUST_ACCT_INFO_XPORT by 8192 in tablespace SYSTEM
ORA-06512: at "JOB_FRMWRK.PKG_ACCT_INFO_EXPORT_NO_BULK", line 201
ORA-06512: at "JOB_FRMWRK.G_SP_EXECUTE_CUST_XPORT_NOBULK", line 14
ORA-06512: at line 2


Elapsed: 00:00:40.48
SQL> Disconnected from Oracle Database 11g Express Edition Release 11.2.0.2.0 - 64bit Production
**************************************Starting a new run***************************************

SQL*Plus: Release 11.2.0.2.0 Production on Mon May 9 20:25:01 2016

Copyright (c) 1982, 2011, Oracle.  All rights reserved.


Connected to:
Oracle Database 11g Express Edition Release 11.2.0.2.0 - 64bit Production

SQL> SQL> SQL>   2    3    4  Inserting staging tracking id for account export job with no bulk fetch. Time 05/09/2016 20:25:01
Starting account info stage job with no bulk fetch. Batch tracking id : 83 Time 05/09/2016 20:25:01
begin
*
ERROR at line 1:
ORA-01653: unable to extend table JOB_FRMWRK.T_CUST_ACCT_INFO_XPORT by 8192 in tablespace SYSTEM
ORA-06512: at "JOB_FRMWRK.PKG_ACCT_INFO_EXPORT_NO_BULK", line 201
ORA-06512: at "JOB_FRMWRK.G_SP_EXECUTE_CUST_XPORT_NOBULK", line 14
ORA-06512: at line 2


Elapsed: 00:00:40.13
SQL> Disconnected from Oracle Database 11g Express Edition Release 11.2.0.2.0 - 64bit Production
**************************************Starting a new run***************************************

SQL*Plus: Release 11.2.0.2.0 Production on Mon May 9 20:30:01 2016

Copyright (c) 1982, 2011, Oracle.  All rights reserved.


Connected to:
Oracle Database 11g Express Edition Release 11.2.0.2.0 - 64bit Production

SQL> SQL> SQL>   2    3    4  Inserting staging tracking id for account export job with no bulk fetch. Time 05/09/2016 20:30:01
Starting account info stage job with no bulk fetch. Batch tracking id : 85 Time 05/09/2016 20:30:01
begin
*
ERROR at line 1:
ORA-01653: unable to extend table JOB_FRMWRK.T_CUST_ACCT_INFO_XPORT by 8192 in tablespace SYSTEM
ORA-06512: at "JOB_FRMWRK.PKG_ACCT_INFO_EXPORT_NO_BULK", line 201
ORA-06512: at "JOB_FRMWRK.G_SP_EXECUTE_CUST_XPORT_NOBULK", line 14
ORA-06512: at line 2


Elapsed: 00:00:39.04
SQL> Disconnected from Oracle Database 11g Express Edition Release 11.2.0.2.0 - 64bit Production
**************************************Starting a new run***************************************

SQL*Plus: Release 11.2.0.2.0 Production on Mon May 9 20:35:01 2016

Copyright (c) 1982, 2011, Oracle.  All rights reserved.


Connected to:
Oracle Database 11g Express Edition Release 11.2.0.2.0 - 64bit Production

SQL> SQL> SQL>   2    3    4  Inserting staging tracking id for account export job with no bulk fetch. Time 05/09/2016 20:35:01
Starting account info stage job with no bulk fetch. Batch tracking id : 86 Time 05/09/2016 20:35:01
begin
*
ERROR at line 1:
ORA-01653: unable to extend table JOB_FRMWRK.T_CUST_ACCT_INFO_XPORT by 8192 in tablespace SYSTEM
ORA-06512: at "JOB_FRMWRK.PKG_ACCT_INFO_EXPORT_NO_BULK", line 201
ORA-06512: at "JOB_FRMWRK.G_SP_EXECUTE_CUST_XPORT_NOBULK", line 14
ORA-06512: at line 2


Elapsed: 00:00:39.42
SQL> Disconnected from Oracle Database 11g Express Edition Release 11.2.0.2.0 - 64bit Production
**************************************Starting a new run***************************************

SQL*Plus: Release 11.2.0.2.0 Production on Mon May 9 20:40:01 2016

Copyright (c) 1982, 2011, Oracle.  All rights reserved.


Connected to:
Oracle Database 11g Express Edition Release 11.2.0.2.0 - 64bit Production

SQL> SQL> SQL>   2    3    4  Inserting staging tracking id for account export job with no bulk fetch. Time 05/09/2016 20:40:01
Starting account info stage job with no bulk fetch. Batch tracking id : 88 Time 05/09/2016 20:40:01
Retrieving export job tracking id. Time 05/09/2016 20:42:20
Starting account info export job with no bulk fetch. Batch tracking id : 91 Time 05/09/2016 20:42:20
Finished account info export using bulk inserts and writes. Time 05/09/2016 20:43:07

PL/SQL procedure successfully completed.

Elapsed: 00:03:05.60
SQL> Disconnected from Oracle Database 11g Express Edition Release 11.2.0.2.0 - 64bit Production
**************************************Starting a new run***************************************

SQL*Plus: Release 11.2.0.2.0 Production on Mon May 9 20:45:01 2016

Copyright (c) 1982, 2011, Oracle.  All rights reserved.


Connected to:
Oracle Database 11g Express Edition Release 11.2.0.2.0 - 64bit Production

SQL> SQL> SQL>   2    3    4  Inserting staging tracking id for account export job with no bulk fetch. Time 05/09/2016 20:45:01
Starting account info stage job with no bulk fetch. Batch tracking id : 92 Time 05/09/2016 20:45:01
Retrieving export job tracking id. Time 05/09/2016 20:46:52
Starting account info export job with no bulk fetch. Batch tracking id : 95 Time 05/09/2016 20:46:52
Finished account info export using bulk inserts and writes. Time 05/09/2016 20:47:40

PL/SQL procedure successfully completed.

Elapsed: 00:02:39.48
SQL> Disconnected from Oracle Database 11g Express Edition Release 11.2.0.2.0 - 64bit Production
**************************************Starting a new run***************************************

SQL*Plus: Release 11.2.0.2.0 Production on Mon May 9 20:50:02 2016

Copyright (c) 1982, 2011, Oracle.  All rights reserved.


Connected to:
Oracle Database 11g Express Edition Release 11.2.0.2.0 - 64bit Production

SQL> SQL> SQL>   2    3    4  Inserting staging tracking id for account export job with no bulk fetch. Time 05/09/2016 20:50:02
Starting account info stage job with no bulk fetch. Batch tracking id : 96 Time 05/09/2016 20:50:02
Retrieving export job tracking id. Time 05/09/2016 20:52:07
Starting account info export job with no bulk fetch. Batch tracking id : 99 Time 05/09/2016 20:52:07
Finished account info export using bulk inserts and writes. Time 05/09/2016 20:52:58

PL/SQL procedure successfully completed.

Elapsed: 00:02:55.97
SQL> Disconnected from Oracle Database 11g Express Edition Release 11.2.0.2.0 - 64bit Production
**************************************Starting a new run***************************************

SQL*Plus: Release 11.2.0.2.0 Production on Mon May 9 20:55:01 2016

Copyright (c) 1982, 2011, Oracle.  All rights reserved.


Connected to:
Oracle Database 11g Express Edition Release 11.2.0.2.0 - 64bit Production

SQL> SQL> SQL>   2    3    4  Inserting staging tracking id for account export job with no bulk fetch. Time 05/09/2016 20:55:01
Starting account info stage job with no bulk fetch. Batch tracking id : 100 Time 05/09/2016 20:55:01
Retrieving export job tracking id. Time 05/09/2016 20:57:01
Starting account info export job with no bulk fetch. Batch tracking id : 103 Time 05/09/2016 20:57:01
Finished account info export using bulk inserts and writes. Time 05/09/2016 20:57:56

PL/SQL procedure successfully completed.

Elapsed: 00:02:54.75
SQL> Disconnected from Oracle Database 11g Express Edition Release 11.2.0.2.0 - 64bit Production
**************************************Starting a new run***************************************

SQL*Plus: Release 11.2.0.2.0 Production on Mon May 9 21:00:01 2016

Copyright (c) 1982, 2011, Oracle.  All rights reserved.


Connected to:
Oracle Database 11g Express Edition Release 11.2.0.2.0 - 64bit Production

SQL> SQL> SQL>   2    3    4  Inserting staging tracking id for account export job with no bulk fetch. Time 05/09/2016 21:00:01
Starting account info stage job with no bulk fetch. Batch tracking id : 104 Time 05/09/2016 21:00:01
Retrieving export job tracking id. Time 05/09/2016 21:01:49
Starting account info export job with no bulk fetch. Batch tracking id : 107 Time 05/09/2016 21:01:49
Finished account info export using bulk inserts and writes. Time 05/09/2016 21:02:50

PL/SQL procedure successfully completed.

Elapsed: 00:02:48.53
SQL> Disconnected from Oracle Database 11g Express Edition Release 11.2.0.2.0 - 64bit Production
**************************************Starting a new run***************************************

SQL*Plus: Release 11.2.0.2.0 Production on Mon May 9 21:05:01 2016

Copyright (c) 1982, 2011, Oracle.  All rights reserved.


Connected to:
Oracle Database 11g Express Edition Release 11.2.0.2.0 - 64bit Production

SQL> SQL> SQL>   2    3    4  Inserting staging tracking id for account export job with no bulk fetch. Time 05/09/2016 21:05:01
Starting account info stage job with no bulk fetch. Batch tracking id : 109 Time 05/09/2016 21:05:01
begin
*
ERROR at line 1:
ORA-01653: unable to extend table JOB_FRMWRK.T_CUST_ACCT_INFO_XPORT by 8192 in tablespace SYSTEM
ORA-06512: at "JOB_FRMWRK.PKG_ACCT_INFO_EXPORT_NO_BULK", line 201
ORA-06512: at "JOB_FRMWRK.G_SP_EXECUTE_CUST_XPORT_NOBULK", line 14
ORA-06512: at line 2


Elapsed: 00:00:56.65
SQL> Disconnected from Oracle Database 11g Express Edition Release 11.2.0.2.0 - 64bit Production
**************************************Starting a new run***************************************

SQL*Plus: Release 11.2.0.2.0 Production on Mon May 9 21:10:01 2016

Copyright (c) 1982, 2011, Oracle.  All rights reserved.


Connected to:
Oracle Database 11g Express Edition Release 11.2.0.2.0 - 64bit Production

SQL> SQL> SQL>   2    3    4  Inserting staging tracking id for account export job with no bulk fetch. Time 05/09/2016 21:10:01
Starting account info stage job with no bulk fetch. Batch tracking id : 111 Time 05/09/2016 21:10:01
begin
*
ERROR at line 1:
ORA-01653: unable to extend table JOB_FRMWRK.T_CUST_ACCT_INFO_XPORT by 8192 in tablespace SYSTEM
ORA-06512: at "JOB_FRMWRK.PKG_ACCT_INFO_EXPORT_NO_BULK", line 201
ORA-06512: at "JOB_FRMWRK.G_SP_EXECUTE_CUST_XPORT_NOBULK", line 14
ORA-06512: at line 2


Elapsed: 00:00:38.88
SQL> Disconnected from Oracle Database 11g Express Edition Release 11.2.0.2.0 - 64bit Production
**************************************Starting a new run***************************************

SQL*Plus: Release 11.2.0.2.0 Production on Mon May 9 21:15:02 2016

Copyright (c) 1982, 2011, Oracle.  All rights reserved.


Connected to:
Oracle Database 11g Express Edition Release 11.2.0.2.0 - 64bit Production

SQL> SQL> SQL>   2    3    4  Inserting staging tracking id for account export job with no bulk fetch. Time 05/09/2016 21:15:02
Starting account info stage job with no bulk fetch. Batch tracking id : 113 Time 05/09/2016 21:15:02
begin
*
ERROR at line 1:
ORA-01653: unable to extend table JOB_FRMWRK.T_CUST_ACCT_INFO_XPORT by 8192 in tablespace SYSTEM
ORA-06512: at "JOB_FRMWRK.PKG_ACCT_INFO_EXPORT_NO_BULK", line 201
ORA-06512: at "JOB_FRMWRK.G_SP_EXECUTE_CUST_XPORT_NOBULK", line 14
ORA-06512: at line 2


Elapsed: 00:00:41.32
SQL> Disconnected from Oracle Database 11g Express Edition Release 11.2.0.2.0 - 64bit Production
**************************************Starting a new run***************************************

SQL*Plus: Release 11.2.0.2.0 Production on Mon May 9 21:20:01 2016

Copyright (c) 1982, 2011, Oracle.  All rights reserved.


Connected to:
Oracle Database 11g Express Edition Release 11.2.0.2.0 - 64bit Production

SQL> SQL> SQL>   2    3    4  Inserting staging tracking id for account export job with no bulk fetch. Time 05/09/2016 21:20:01
Starting account info stage job with no bulk fetch. Batch tracking id : 116 Time 05/09/2016 21:20:01
begin
*
ERROR at line 1:
ORA-01653: unable to extend table JOB_FRMWRK.T_CUST_ACCT_INFO_XPORT by 8192 in tablespace SYSTEM
ORA-06512: at "JOB_FRMWRK.PKG_ACCT_INFO_EXPORT_NO_BULK", line 201
ORA-06512: at "JOB_FRMWRK.G_SP_EXECUTE_CUST_XPORT_NOBULK", line 14
ORA-06512: at line 2


Elapsed: 00:00:39.11
SQL> Disconnected from Oracle Database 11g Express Edition Release 11.2.0.2.0 - 64bit Production
**************************************Starting a new run***************************************

SQL*Plus: Release 11.2.0.2.0 Production on Mon May 9 21:25:02 2016

Copyright (c) 1982, 2011, Oracle.  All rights reserved.


Connected to:
Oracle Database 11g Express Edition Release 11.2.0.2.0 - 64bit Production

SQL> SQL> SQL>   2    3    4  Inserting staging tracking id for account export job with no bulk fetch. Time 05/09/2016 21:25:02
Starting account info stage job with no bulk fetch. Batch tracking id : 117 Time 05/09/2016 21:25:02
begin
*
ERROR at line 1:
ORA-01653: unable to extend table JOB_FRMWRK.T_CUST_ACCT_INFO_XPORT by 8192 in tablespace SYSTEM
ORA-06512: at "JOB_FRMWRK.PKG_ACCT_INFO_EXPORT_NO_BULK", line 201
ORA-06512: at "JOB_FRMWRK.G_SP_EXECUTE_CUST_XPORT_NOBULK", line 14
ORA-06512: at line 2


Elapsed: 00:00:38.82
SQL> Disconnected from Oracle Database 11g Express Edition Release 11.2.0.2.0 - 64bit Production
**************************************Starting a new run***************************************

SQL*Plus: Release 11.2.0.2.0 Production on Mon May 9 21:30:01 2016

Copyright (c) 1982, 2011, Oracle.  All rights reserved.


Connected to:
Oracle Database 11g Express Edition Release 11.2.0.2.0 - 64bit Production

SQL> SQL> SQL>   2    3    4  Inserting staging tracking id for account export job with no bulk fetch. Time 05/09/2016 21:30:01
Starting account info stage job with no bulk fetch. Batch tracking id : 120 Time 05/09/2016 21:30:01
begin
*
ERROR at line 1:
ORA-01653: unable to extend table JOB_FRMWRK.T_CUST_ACCT_INFO_XPORT by 8192 in tablespace SYSTEM
ORA-06512: at "JOB_FRMWRK.PKG_ACCT_INFO_EXPORT_NO_BULK", line 201
ORA-06512: at "JOB_FRMWRK.G_SP_EXECUTE_CUST_XPORT_NOBULK", line 14
ORA-06512: at line 2


Elapsed: 00:00:38.74
SQL> Disconnected from Oracle Database 11g Express Edition Release 11.2.0.2.0 - 64bit Production
**************************************Starting a new run***************************************

SQL*Plus: Release 11.2.0.2.0 Production on Mon May 9 21:35:01 2016

Copyright (c) 1982, 2011, Oracle.  All rights reserved.


Connected to:
Oracle Database 11g Express Edition Release 11.2.0.2.0 - 64bit Production

SQL> SQL> SQL>   2    3    4  Inserting staging tracking id for account export job with no bulk fetch. Time 05/09/2016 21:35:01
Starting account info stage job with no bulk fetch. Batch tracking id : 121 Time 05/09/2016 21:35:01
begin
*
ERROR at line 1:
ORA-01653: unable to extend table JOB_FRMWRK.T_CUST_ACCT_INFO_XPORT by 8192 in tablespace SYSTEM
ORA-06512: at "JOB_FRMWRK.PKG_ACCT_INFO_EXPORT_NO_BULK", line 201
ORA-06512: at "JOB_FRMWRK.G_SP_EXECUTE_CUST_XPORT_NOBULK", line 14
ORA-06512: at line 2


Elapsed: 00:00:39.03
SQL> Disconnected from Oracle Database 11g Express Edition Release 11.2.0.2.0 - 64bit Production
**************************************Starting a new run***************************************

SQL*Plus: Release 11.2.0.2.0 Production on Mon May 9 21:40:01 2016

Copyright (c) 1982, 2011, Oracle.  All rights reserved.


Connected to:
Oracle Database 11g Express Edition Release 11.2.0.2.0 - 64bit Production

SQL> SQL> SQL>   2    3    4  Inserting staging tracking id for account export job with no bulk fetch. Time 05/09/2016 21:40:01
Starting account info stage job with no bulk fetch. Batch tracking id : 123 Time 05/09/2016 21:40:01
begin
*
ERROR at line 1:
ORA-01653: unable to extend table JOB_FRMWRK.T_CUST_ACCT_INFO_XPORT by 8192 in tablespace SYSTEM
ORA-06512: at "JOB_FRMWRK.PKG_ACCT_INFO_EXPORT_NO_BULK", line 201
ORA-06512: at "JOB_FRMWRK.G_SP_EXECUTE_CUST_XPORT_NOBULK", line 14
ORA-06512: at line 2


Elapsed: 00:00:38.70
SQL> Disconnected from Oracle Database 11g Express Edition Release 11.2.0.2.0 - 64bit Production
**************************************Starting a new run***************************************

SQL*Plus: Release 11.2.0.2.0 Production on Mon May 9 21:45:01 2016

Copyright (c) 1982, 2011, Oracle.  All rights reserved.


Connected to:
Oracle Database 11g Express Edition Release 11.2.0.2.0 - 64bit Production

SQL> SQL> SQL>   2    3    4  Inserting staging tracking id for account export job with no bulk fetch. Time 05/09/2016 21:45:01
Starting account info stage job with no bulk fetch. Batch tracking id : 125 Time 05/09/2016 21:45:01
begin
*
ERROR at line 1:
ORA-01653: unable to extend table JOB_FRMWRK.T_CUST_ACCT_INFO_XPORT by 8192 in tablespace SYSTEM
ORA-06512: at "JOB_FRMWRK.PKG_ACCT_INFO_EXPORT_NO_BULK", line 201
ORA-06512: at "JOB_FRMWRK.G_SP_EXECUTE_CUST_XPORT_NOBULK", line 14
ORA-06512: at line 2


Elapsed: 00:00:39.06
SQL> Disconnected from Oracle Database 11g Express Edition Release 11.2.0.2.0 - 64bit Production
